###############################################################################
#                                                                             #
# IAR ELF Linker V5.40.0.51500/W32 for ARM              29/Apr/2014  15:30:41 #
# Copyright (C) 2007-2009 IAR Systems AB.                                     #
#                                                                             #
#    Output file  =  F:\Users\Android\Desktop\detector_transporter\LED_DRIVER #
#                    _STM32F107\Project\Template\EWARMv5\STM3210C-EVAL\Exe\ST #
#                    M3210C-EVAL.out                                          #
#    Map file     =  F:\Users\Android\Desktop\detector_transporter\LED_DRIVER #
#                    _STM32F107\Project\Template\EWARMv5\STM3210C-EVAL\List\S #
#                    TM3210C-EVAL.map                                         #
#    Command line =  F:\Users\Android\Desktop\detector_transporter\LED_DRIVER #
#                    _STM32F107\Project\Template\EWARMv5\STM3210C-EVAL\Obj\co #
#                    re_cm3.o F:\Users\Android\Desktop\detector_transporter\L #
#                    ED_DRIVER_STM32F107\Project\Template\EWARMv5\STM3210C-EV #
#                    AL\Obj\hw_config.o F:\Users\Android\Desktop\detector_tra #
#                    nsporter\LED_DRIVER_STM32F107\Project\Template\EWARMv5\S #
#                    TM3210C-EVAL\Obj\main.o F:\Users\Android\Desktop\detecto #
#                    r_transporter\LED_DRIVER_STM32F107\Project\Template\EWAR #
#                    Mv5\STM3210C-EVAL\Obj\misc.o                             #
#                    F:\Users\Android\Desktop\detector_transporter\LED_DRIVER #
#                    _STM32F107\Project\Template\EWARMv5\STM3210C-EVAL\Obj\st #
#                    artup_stm32f10x_cl.o F:\Users\Android\Desktop\detector_t #
#                    ransporter\LED_DRIVER_STM32F107\Project\Template\EWARMv5 #
#                    \STM3210C-EVAL\Obj\stm32f10x_adc.o                       #
#                    F:\Users\Android\Desktop\detector_transporter\LED_DRIVER #
#                    _STM32F107\Project\Template\EWARMv5\STM3210C-EVAL\Obj\st #
#                    m32f10x_bkp.o F:\Users\Android\Desktop\detector_transpor #
#                    ter\LED_DRIVER_STM32F107\Project\Template\EWARMv5\STM321 #
#                    0C-EVAL\Obj\stm32f10x_can.o                              #
#                    F:\Users\Android\Desktop\detector_transporter\LED_DRIVER #
#                    _STM32F107\Project\Template\EWARMv5\STM3210C-EVAL\Obj\st #
#                    m32f10x_dac.o F:\Users\Android\Desktop\detector_transpor #
#                    ter\LED_DRIVER_STM32F107\Project\Template\EWARMv5\STM321 #
#                    0C-EVAL\Obj\stm32f10x_dma.o                              #
#                    F:\Users\Android\Desktop\detector_transporter\LED_DRIVER #
#                    _STM32F107\Project\Template\EWARMv5\STM3210C-EVAL\Obj\st #
#                    m32f10x_exti.o F:\Users\Android\Desktop\detector_transpo #
#                    rter\LED_DRIVER_STM32F107\Project\Template\EWARMv5\STM32 #
#                    10C-EVAL\Obj\stm32f10x_fsmc.o                            #
#                    F:\Users\Android\Desktop\detector_transporter\LED_DRIVER #
#                    _STM32F107\Project\Template\EWARMv5\STM3210C-EVAL\Obj\st #
#                    m32f10x_gpio.o F:\Users\Android\Desktop\detector_transpo #
#                    rter\LED_DRIVER_STM32F107\Project\Template\EWARMv5\STM32 #
#                    10C-EVAL\Obj\stm32f10x_it.o                              #
#                    F:\Users\Android\Desktop\detector_transporter\LED_DRIVER #
#                    _STM32F107\Project\Template\EWARMv5\STM3210C-EVAL\Obj\st #
#                    m32f10x_pwr.o F:\Users\Android\Desktop\detector_transpor #
#                    ter\LED_DRIVER_STM32F107\Project\Template\EWARMv5\STM321 #
#                    0C-EVAL\Obj\stm32f10x_rcc.o                              #
#                    F:\Users\Android\Desktop\detector_transporter\LED_DRIVER #
#                    _STM32F107\Project\Template\EWARMv5\STM3210C-EVAL\Obj\st #
#                    m32f10x_rtc.o F:\Users\Android\Desktop\detector_transpor #
#                    ter\LED_DRIVER_STM32F107\Project\Template\EWARMv5\STM321 #
#                    0C-EVAL\Obj\stm32f10x_spi.o                              #
#                    F:\Users\Android\Desktop\detector_transporter\LED_DRIVER #
#                    _STM32F107\Project\Template\EWARMv5\STM3210C-EVAL\Obj\st #
#                    m32f10x_tim.o F:\Users\Android\Desktop\detector_transpor #
#                    ter\LED_DRIVER_STM32F107\Project\Template\EWARMv5\STM321 #
#                    0C-EVAL\Obj\stm32f10x_usart.o                            #
#                    F:\Users\Android\Desktop\detector_transporter\LED_DRIVER #
#                    _STM32F107\Project\Template\EWARMv5\STM3210C-EVAL\Obj\sy #
#                    stem_stm32f10x.o -o F:\Users\Android\Desktop\detector_tr #
#                    ansporter\LED_DRIVER_STM32F107\Project\Template\EWARMv5\ #
#                    STM3210C-EVAL\Exe\STM3210C-EVAL.out --map                #
#                    F:\Users\Android\Desktop\detector_transporter\LED_DRIVER #
#                    _STM32F107\Project\Template\EWARMv5\STM3210C-EVAL\List\S #
#                    TM3210C-EVAL.map --config F:\Users\Android\Desktop\detec #
#                    tor_transporter\LED_DRIVER_STM32F107\Project\Template\EW #
#                    ARMv5\STM32F10x_FLASH.icf --semihosting --entry          #
#                    __iar_program_start                                      #
#                                                                             #
#                                                                             #
###############################################################################

*******************************************************************************
*** RUNTIME MODEL ATTRIBUTES
***

__endian      = little
__thumb_aware = enabled


*******************************************************************************
*** PLACEMENT SUMMARY
***

"A1":  place at 0x08000000 { ro section .intvec };
"P1":  place in [from 0x08000000 to 0x0807ffff] { ro };
"P2":  place in [from 0x20000000 to 0x2000ffff] {
          rw, block CSTACK, block HEAP };

  Section            Kind        Address    Size  Object
  -------            ----        -------    ----  ------
"A1":                                      0x150
  .intvec            ro code  0x08000000   0x150  startup_stm32f10x_cl.o [1]
                            - 0x08000150   0x150

"P1":                                     0x16c0
  .text              ro code  0x08000150   0x524  main.o [1]
  .text              ro code  0x08000674   0x4b6  stm32f10x_can.o [1]
  .text              ro code  0x08000b2c   0x26c  stm32f10x_it.o [1]
  .text              ro code  0x08000d98   0x250  stm32f10x_rcc.o [1]
  .text              ro code  0x08000fe8   0x1d0  stm32f10x_gpio.o [1]
  .text              ro code  0x080011b8   0x19c  system_stm32f10x.o [1]
  .text              ro code  0x08001354   0x16c  stm32f10x_usart.o [1]
  .text              ro code  0x080014c0    0xb2  stm32f10x_tim.o [1]
  .text              ro code  0x08001574    0x90  misc.o [1]
  .text              ro code  0x08001604    0x24  copy_init2.o [4]
  .iar.init_table    const    0x08001628    0x24  - Linker created -
  .text              ro code  0x0800164c    0x20  data_init2.o [4]
  .text              ro code  0x0800166c    0x1c  iarwstd.o [5]
  .text              ro code  0x08001688    0x1a  zero_init2.o [4]
  .text              ro code  0x080016a4    0x18  cmain.o [4]
  .text              ro code  0x080016bc    0x14  exit.o [5]
  .text              ro code  0x080016d0     0xa  cexit.o [4]
  .text              ro code  0x080016da     0x6  exit.o [3]
  .text              ro code  0x080016e0     0x4  startup_stm32f10x_cl.o [1]
  .text              ro code  0x080016e4     0x4  startup_stm32f10x_cl.o [1]
  .text              ro code  0x080016e8     0x4  startup_stm32f10x_cl.o [1]
  .text              ro code  0x080016ec     0x4  startup_stm32f10x_cl.o [1]
  .text              ro code  0x080016f0     0x4  startup_stm32f10x_cl.o [1]
  .text              ro code  0x080016f4     0x4  startup_stm32f10x_cl.o [1]
  .text              ro code  0x080016f8     0x4  startup_stm32f10x_cl.o [1]
  .text              ro code  0x080016fc     0x4  startup_stm32f10x_cl.o [1]
  .text              ro code  0x08001700     0x4  startup_stm32f10x_cl.o [1]
  .text              ro code  0x08001704     0x4  startup_stm32f10x_cl.o [1]
  .text              ro code  0x08001708     0x4  startup_stm32f10x_cl.o [1]
  .text              ro code  0x0800170c     0x4  startup_stm32f10x_cl.o [1]
  .text              ro code  0x08001710     0x4  startup_stm32f10x_cl.o [1]
  .text              ro code  0x08001714     0x4  startup_stm32f10x_cl.o [1]
  .text              ro code  0x08001718     0x4  startup_stm32f10x_cl.o [1]
  .text              ro code  0x0800171c     0x4  startup_stm32f10x_cl.o [1]
  .text              ro code  0x08001720     0x4  startup_stm32f10x_cl.o [1]
  .text              ro code  0x08001724     0x4  startup_stm32f10x_cl.o [1]
  .text              ro code  0x08001728     0x4  startup_stm32f10x_cl.o [1]
  .text              ro code  0x0800172c     0x4  startup_stm32f10x_cl.o [1]
  .text              ro code  0x08001730     0x4  startup_stm32f10x_cl.o [1]
  .text              ro code  0x08001734     0x4  startup_stm32f10x_cl.o [1]
  .text              ro code  0x08001738     0x4  startup_stm32f10x_cl.o [1]
  .text              ro code  0x0800173c     0x4  startup_stm32f10x_cl.o [1]
  .text              ro code  0x08001740     0x4  startup_stm32f10x_cl.o [1]
  .text              ro code  0x08001744     0x4  startup_stm32f10x_cl.o [1]
  .text              ro code  0x08001748     0x4  startup_stm32f10x_cl.o [1]
  .text              ro code  0x0800174c     0x4  startup_stm32f10x_cl.o [1]
  .text              ro code  0x08001750     0x4  startup_stm32f10x_cl.o [1]
  .text              ro code  0x08001754     0x4  startup_stm32f10x_cl.o [1]
  .text              ro code  0x08001758     0x4  startup_stm32f10x_cl.o [1]
  .text              ro code  0x0800175c     0x4  startup_stm32f10x_cl.o [1]
  .text              ro code  0x08001760     0x4  startup_stm32f10x_cl.o [1]
  .text              ro code  0x08001764     0x4  startup_stm32f10x_cl.o [1]
  .text              ro code  0x08001768     0x4  startup_stm32f10x_cl.o [1]
  .text              ro code  0x0800176c     0x4  startup_stm32f10x_cl.o [1]
  .text              ro code  0x08001770     0x4  startup_stm32f10x_cl.o [1]
  .text              ro code  0x08001774     0x4  startup_stm32f10x_cl.o [1]
  .text              ro code  0x08001778     0x4  startup_stm32f10x_cl.o [1]
  .text              ro code  0x0800177c     0x4  startup_stm32f10x_cl.o [1]
  .text              ro code  0x08001780     0x4  startup_stm32f10x_cl.o [1]
  .text              ro code  0x08001784     0x4  startup_stm32f10x_cl.o [1]
  .text              ro code  0x08001788     0x4  startup_stm32f10x_cl.o [1]
  .text              ro code  0x0800178c     0x4  startup_stm32f10x_cl.o [1]
  .text              ro code  0x08001790     0x4  startup_stm32f10x_cl.o [1]
  .text              ro code  0x08001794     0x4  startup_stm32f10x_cl.o [1]
  .text              ro code  0x08001798     0x4  startup_stm32f10x_cl.o [1]
  .text              ro code  0x0800179c     0x4  startup_stm32f10x_cl.o [1]
  .text              ro code  0x080017a0     0x4  startup_stm32f10x_cl.o [1]
  .text              ro code  0x080017a4     0x4  startup_stm32f10x_cl.o [1]
  .text              ro code  0x080017a8     0x4  startup_stm32f10x_cl.o [1]
  .text              ro code  0x080017ac     0x4  startup_stm32f10x_cl.o [1]
  .text              ro code  0x080017b0     0x4  startup_stm32f10x_cl.o [1]
  .text              ro code  0x080017b4     0x4  startup_stm32f10x_cl.o [1]
  .text              ro code  0x080017b8     0x4  startup_stm32f10x_cl.o [1]
  .text              ro code  0x080017bc     0x4  startup_stm32f10x_cl.o [1]
  .text              ro code  0x080017c0     0x4  startup_stm32f10x_cl.o [1]
  .text              ro code  0x080017c4     0x4  startup_stm32f10x_cl.o [1]
  .text              ro code  0x080017c8     0x4  startup_stm32f10x_cl.o [1]
  .text              ro code  0x080017cc     0x4  startup_stm32f10x_cl.o [1]
  .text              ro code  0x080017d0     0x4  startup_stm32f10x_cl.o [1]
  .text              ro code  0x080017d4     0x4  startup_stm32f10x_cl.o [1]
  .text              ro code  0x080017d8     0x4  startup_stm32f10x_cl.o [1]
  .text              ro code  0x080017dc     0x4  startup_stm32f10x_cl.o [1]
  .text              ro code  0x080017e0     0x4  startup_stm32f10x_cl.o [1]
  .text              ro code  0x080017e4     0x4  startup_stm32f10x_cl.o [1]
  .text              ro code  0x080017e8     0x4  startup_stm32f10x_cl.o [1]
  .text              ro code  0x080017ec     0x4  startup_stm32f10x_cl.o [1]
  .text              ro code  0x080017f0     0x4  startup_stm32f10x_cl.o [1]
  .text              ro code  0x080017f4     0x4  startup_stm32f10x_cl.o [1]
  .text              ro code  0x080017f8     0x4  low_level_init.o [3]
  Initializer bytes  ro data  0x080017fc    0x14  <for P2 s0>
                            - 0x08001810  0x16c0

"P2", part 1 of 3:                         0x400
  CSTACK                      0x20000000   0x400  <Block>
    CSTACK           uninit   0x20000000   0x400  <Block tail>
                            - 0x20000400   0x400

"P2", part 2 of 3:                          0x5c
  .bss               zero     0x20000400    0x14  stm32f10x_it.o [1]
  .bss               zero     0x20000414    0x10  main.o [1]
  .bss               zero     0x20000424    0x10  main.o [1]
  .bss               zero     0x20000434     0xc  main.o [1]
  .bss               zero     0x20000440     0x8  main.o [1]
  .bss               zero     0x20000448     0x4  main.o [1]
  .bss               zero     0x2000044c     0x4  main.o [1]
  .bss               zero     0x20000450     0x4  iarwstd.o [5]
  .bss               zero     0x20000454     0x2  stm32f10x_it.o [1]
  .bss               zero     0x20000456     0x1  main.o [1]
  .bss               zero     0x20000457     0x1  main.o [1]
  .bss               zero     0x20000458     0x1  main.o [1]
  .bss               zero     0x20000459     0x1  main.o [1]
  .bss               zero     0x2000045a     0x1  main.o [1]
                            - 0x2000045b    0x5b

"P2", part 3 of 3:                          0x14
  P2 s0                       0x2000045c    0x14  <Init block>
    .data            inited   0x2000045c    0x10  stm32f10x_rcc.o [1]
    .data            inited   0x2000046c     0x4  stm32f10x_rcc.o [1]
                            - 0x20000470    0x14


*******************************************************************************
*** INIT TABLE
***

          Address     Size
          -------     ----
Zero (__iar_zero_init2)
    1 destination range, total size 0x5b:
          0x20000400  0x5b

Copy (__iar_copy_init2)
    1 source range, total size 0x14 (100% of destination):
          0x080017fc  0x14
    1 destination range, total size 0x14:
          0x2000045c  0x14


*******************************************************************************
*** MODULE SUMMARY
***

    Module                  ro code  ro data  rw data
    ------                  -------  -------  -------
F:\Users\Android\Desktop\detector_transporter\LED_DRIVER_STM32F107\Project\Template\EWARMv5\STM3210C-EVAL\Obj: [1]
    main.o                    1 316                65
    misc.o                      144
    startup_stm32f10x_cl.o      616
    stm32f10x_can.o           1 206
    stm32f10x_gpio.o            464
    stm32f10x_it.o              620                22
    stm32f10x_rcc.o             592       20       20
    stm32f10x_tim.o             178
    stm32f10x_usart.o           364
    system_stm32f10x.o          412
    -------------------------------------------------
    Total:                    5 912       20      107

command line: [2]
    -------------------------------------------------
    Total:

dl7M_tl_in.a: [3]
    exit.o                        6
    low_level_init.o              4
    -------------------------------------------------
    Total:                       10

rt7M_tl.a: [4]
    cexit.o                      10
    cmain.o                      24
    copy_init2.o                 36
    data_init2.o                 32
    zero_init2.o                 26
    -------------------------------------------------
    Total:                      128

shb_l.a: [5]
    exit.o                       20
    iarwstd.o                    28                 4
    -------------------------------------------------
    Total:                       48                 4

    Gaps                          6
    Linker created                        36    1 024
-----------------------------------------------------
    Grand Total:              6 104       56    1 135


*******************************************************************************
*** ENTRY LIST
***

Entry                      Address   Size  Type      Object
-----                      -------   ----  ----      ------
ADC1_2_IRQHandler       0x0800174d         Code  Wk  startup_stm32f10x_cl.o [1]
ADCPrescTable           0x2000046c    0x4  Data  Lc  stm32f10x_rcc.o [1]
APBAHBPrescTable        0x2000045c   0x10  Data  Lc  stm32f10x_rcc.o [1]
BusFault_Handler        0x08000b33    0x2  Code  Gb  stm32f10x_it.o [1]
CAN1_RX0_IRQHandler     0x08000cb5   0x68  Code  Gb  stm32f10x_it.o [1]
CAN1_RX1_IRQHandler     0x08001759         Code  Wk  startup_stm32f10x_cl.o [1]
CAN1_SCE_IRQHandler     0x0800175d         Code  Wk  startup_stm32f10x_cl.o [1]
CAN1_TX_IRQHandler      0x08001751         Code  Wk  startup_stm32f10x_cl.o [1]
CAN2_RX0_IRQHandler     0x08000d4d   0x18  Code  Gb  stm32f10x_it.o [1]
CAN2_RX1_IRQHandler     0x080017ed         Code  Wk  startup_stm32f10x_cl.o [1]
CAN2_SCE_IRQHandler     0x080017f1         Code  Wk  startup_stm32f10x_cl.o [1]
CAN2_TX_IRQHandler      0x080017e5         Code  Wk  startup_stm32f10x_cl.o [1]
CAN_Configuration       0x0800059d   0xb8  Code  Gb  main.o [1]
CAN_DeInit              0x08000675   0x3c  Code  Gb  stm32f10x_can.o [1]
CAN_FIFORelease         0x08000a37   0x12  Code  Gb  stm32f10x_can.o [1]
CAN_FilterInit          0x080007cd   0xf8  Code  Gb  stm32f10x_can.o [1]
CAN_ITConfig            0x080008f9   0x16  Code  Gb  stm32f10x_can.o [1]
CAN_Init                0x080006b1  0x11c  Code  Gb  stm32f10x_can.o [1]
CAN_Receive             0x08000a49   0xe2  Code  Gb  stm32f10x_can.o [1]
CAN_StructInit          0x080008c5   0x2e  Code  Gb  stm32f10x_can.o [1]
CAN_Transmit            0x0800090f  0x128  Code  Gb  stm32f10x_can.o [1]
CSTACK$$Base            0x20000000          --   Gb  - Linker created -
CSTACK$$Limit           0x20000400          --   Gb  - Linker created -
DMA1_Channel1_IRQHandler
                        0x08001731         Code  Wk  startup_stm32f10x_cl.o [1]
DMA1_Channel2_IRQHandler
                        0x08001735         Code  Wk  startup_stm32f10x_cl.o [1]
DMA1_Channel3_IRQHandler
                        0x08001739         Code  Wk  startup_stm32f10x_cl.o [1]
DMA1_Channel4_IRQHandler
                        0x0800173d         Code  Wk  startup_stm32f10x_cl.o [1]
DMA1_Channel5_IRQHandler
                        0x08001741         Code  Wk  startup_stm32f10x_cl.o [1]
DMA1_Channel6_IRQHandler
                        0x08001745         Code  Wk  startup_stm32f10x_cl.o [1]
DMA1_Channel7_IRQHandler
                        0x08001749         Code  Wk  startup_stm32f10x_cl.o [1]
DMA2_Channel1_IRQHandler
                        0x080017c9         Code  Wk  startup_stm32f10x_cl.o [1]
DMA2_Channel2_IRQHandler
                        0x080017cd         Code  Wk  startup_stm32f10x_cl.o [1]
DMA2_Channel3_IRQHandler
                        0x080017d1         Code  Wk  startup_stm32f10x_cl.o [1]
DMA2_Channel4_IRQHandler
                        0x080017d5         Code  Wk  startup_stm32f10x_cl.o [1]
DMA2_Channel5_IRQHandler
                        0x080017d9         Code  Wk  startup_stm32f10x_cl.o [1]
DebugMon_Handler        0x08000b39    0x2  Code  Gb  stm32f10x_it.o [1]
Delay                   0x0800065d   0x14  Code  Gb  main.o [1]
ETH_IRQHandler          0x080017dd         Code  Wk  startup_stm32f10x_cl.o [1]
ETH_WKUP_IRQHandler     0x080017e1         Code  Wk  startup_stm32f10x_cl.o [1]
EXTI0_IRQHandler        0x0800171d         Code  Wk  startup_stm32f10x_cl.o [1]
EXTI15_10_IRQHandler    0x080017a5         Code  Wk  startup_stm32f10x_cl.o [1]
EXTI1_IRQHandler        0x08001721         Code  Wk  startup_stm32f10x_cl.o [1]
EXTI2_IRQHandler        0x08001725         Code  Wk  startup_stm32f10x_cl.o [1]
EXTI3_IRQHandler        0x08001729         Code  Wk  startup_stm32f10x_cl.o [1]
EXTI4_IRQHandler        0x0800172d         Code  Wk  startup_stm32f10x_cl.o [1]
EXTI9_5_IRQHandler      0x08001761         Code  Wk  startup_stm32f10x_cl.o [1]
FLASH_IRQHandler        0x08001715         Code  Wk  startup_stm32f10x_cl.o [1]
GPIO_Configuration      0x080002f9  0x164  Code  Gb  main.o [1]
GPIO_Init               0x08000fe9  0x150  Code  Gb  stm32f10x_gpio.o [1]
GPIO_PinRemapConfig     0x08001139   0x80  Code  Gb  stm32f10x_gpio.o [1]
HardFault_Handler       0x08000b2f    0x2  Code  Gb  stm32f10x_it.o [1]
I2C1_ER_IRQHandler      0x08001785         Code  Wk  startup_stm32f10x_cl.o [1]
I2C1_EV_IRQHandler      0x08001781         Code  Wk  startup_stm32f10x_cl.o [1]
I2C2_ER_IRQHandler      0x0800178d         Code  Wk  startup_stm32f10x_cl.o [1]
I2C2_EV_IRQHandler      0x08001789         Code  Wk  startup_stm32f10x_cl.o [1]
MemManage_Handler       0x08000b31    0x2  Code  Gb  stm32f10x_it.o [1]
NMI_Handler             0x08000b2d    0x2  Code  Gb  stm32f10x_it.o [1]
NVIC_Configuration      0x08000495   0xc0  Code  Gb  main.o [1]
NVIC_Init               0x08001585   0x7c  Code  Gb  misc.o [1]
NVIC_PriorityGroupConfig
                        0x08001575   0x10  Code  Gb  misc.o [1]
OTG_FS_IRQHandler       0x080017f5         Code  Wk  startup_stm32f10x_cl.o [1]
OTG_FS_WKUP_IRQHandler  0x080017ad         Code  Wk  startup_stm32f10x_cl.o [1]
PVD_IRQHandler          0x08001709         Code  Wk  startup_stm32f10x_cl.o [1]
PendSV_Handler          0x08000b3b    0x2  Code  Gb  stm32f10x_it.o [1]
RCC_APB1PeriphClockCmd  0x08000fa1   0x24  Code  Gb  stm32f10x_rcc.o [1]
RCC_APB1PeriphResetCmd  0x08000fc5   0x24  Code  Gb  stm32f10x_rcc.o [1]
RCC_APB2PeriphClockCmd  0x08000f7d   0x24  Code  Gb  stm32f10x_rcc.o [1]
RCC_Configuration       0x080002d9   0x20  Code  Gb  main.o [1]
RCC_GetClocksFreq       0x08000d99  0x1dc  Code  Gb  stm32f10x_rcc.o [1]
RCC_IRQHandler          0x08001719         Code  Wk  startup_stm32f10x_cl.o [1]
RTCAlarm_IRQHandler     0x080017a9         Code  Wk  startup_stm32f10x_cl.o [1]
RTC_IRQHandler          0x08001711         Code  Wk  startup_stm32f10x_cl.o [1]
Region$$Table$$Base     0x08001628          --   Gb  - Linker created -
Region$$Table$$Limit    0x0800164c          --   Gb  - Linker created -
RxBuffer1               0x20000414   0x10  Data  Gb  main.o [1]
RxCounter1              0x20000456    0x1  Data  Gb  main.o [1]
SPI1_IRQHandler         0x08001791         Code  Wk  startup_stm32f10x_cl.o [1]
SPI2_IRQHandler         0x08001795         Code  Wk  startup_stm32f10x_cl.o [1]
SPI3_IRQHandler         0x080017b5         Code  Wk  startup_stm32f10x_cl.o [1]
SVC_Handler             0x08000b37    0x2  Code  Gb  stm32f10x_it.o [1]
SetSysClock             0x08001225    0x8  Code  Lc  system_stm32f10x.o [1]
SetSysClockTo72         0x0800122d  0x11c  Code  Lc  system_stm32f10x.o [1]
SysTick_Handler         0x08000b3d    0x2  Code  Gb  stm32f10x_it.o [1]
SystemInit              0x080011b9   0x6c  Code  Gb  system_stm32f10x.o [1]
TAMPER_IRQHandler       0x0800170d         Code  Wk  startup_stm32f10x_cl.o [1]
TIM1_BRK_IRQHandler     0x08001765         Code  Wk  startup_stm32f10x_cl.o [1]
TIM1_CC_IRQHandler      0x08001771         Code  Wk  startup_stm32f10x_cl.o [1]
TIM1_TRG_COM_IRQHandler
                        0x0800176d         Code  Wk  startup_stm32f10x_cl.o [1]
TIM1_UP_IRQHandler      0x08001769         Code  Wk  startup_stm32f10x_cl.o [1]
TIM2_IRQHandler         0x08000d2d    0x2  Code  Gb  stm32f10x_it.o [1]
TIM3_IRQHandler         0x08000d2f    0x2  Code  Gb  stm32f10x_it.o [1]
TIM4_Configuration      0x08000555   0x48  Code  Gb  main.o [1]
TIM4_IRQHandler         0x08000d31   0x18  Code  Gb  stm32f10x_it.o [1]
TIM4_TimeBaseStructure  0x20000434    0xc  Data  Gb  main.o [1]
TIM5_IRQHandler         0x080017b1         Code  Wk  startup_stm32f10x_cl.o [1]
TIM6_IRQHandler         0x080017c1         Code  Wk  startup_stm32f10x_cl.o [1]
TIM7_IRQHandler         0x080017c5         Code  Wk  startup_stm32f10x_cl.o [1]
TIM_ClearITPendingBit   0x0800156b    0x8  Code  Gb  stm32f10x_tim.o [1]
TIM_Cmd                 0x08001501   0x1c  Code  Gb  stm32f10x_tim.o [1]
TIM_GetITStatus         0x08001533   0x38  Code  Gb  stm32f10x_tim.o [1]
TIM_ITConfig            0x0800151d   0x16  Code  Gb  stm32f10x_tim.o [1]
TIM_TimeBaseInit        0x080014c1   0x36  Code  Gb  stm32f10x_tim.o [1]
TxBuffer1               0x20000440    0x8  Data  Gb  main.o [1]
TxMessage               0x20000400   0x14  Data  Gb  stm32f10x_it.o [1]
UART4_IRQHandler        0x08000d65   0x2a  Code  Gb  stm32f10x_it.o [1]
UART5_IRQHandler        0x080017bd         Code  Wk  startup_stm32f10x_cl.o [1]
USART1_IRQHandler       0x08000b41  0x14c  Code  Gb  stm32f10x_it.o [1]
USART2_IRQHandler       0x08000c8d   0x28  Code  Gb  stm32f10x_it.o [1]
USART3_IRQHandler       0x080017a1         Code  Wk  startup_stm32f10x_cl.o [1]
USART_ClearFlag         0x080014b5    0xc  Code  Gb  stm32f10x_usart.o [1]
USART_Cmd               0x08001409   0x1c  Code  Gb  stm32f10x_usart.o [1]
USART_Config            0x0800045d   0x38  Code  Gb  main.o [1]
USART_GetFlagStatus     0x08001493   0x22  Code  Gb  stm32f10x_usart.o [1]
USART_ITConfig          0x08001425   0x5e  Code  Gb  stm32f10x_usart.o [1]
USART_Init              0x08001355   0xb0  Code  Gb  stm32f10x_usart.o [1]
USART_InitStructure     0x20000424   0x10  Data  Gb  main.o [1]
USART_ReceiveData       0x0800148b    0x8  Code  Gb  stm32f10x_usart.o [1]
USART_SendData          0x08001483    0x8  Code  Gb  stm32f10x_usart.o [1]
UsageFault_Handler      0x08000b35    0x2  Code  Gb  stm32f10x_it.o [1]
WWDG_IRQHandler         0x08001705         Code  Wk  startup_stm32f10x_cl.o [1]
__exit                  0x080016bd   0x14  Code  Gb  exit.o [5]
__iar_copy_init2        0x08001605   0x24  Code  Gb  copy_init2.o [4]
__iar_data_init2        0x0800164d   0x20  Code  Gb  data_init2.o [4]
__iar_program_start     0x080016a5         Code  Gb  cmain.o [4]
__iar_sh_stdout_close   0x0800166d   0x16  Code  Gb  iarwstd.o [5]
__iar_sh_stdout_handle  0x20000450    0x4  Data  Lc  iarwstd.o [5]
__iar_zero_init2        0x08001689   0x1a  Code  Gb  zero_init2.o [4]
__low_level_init        0x080017f9    0x4  Code  Gb  low_level_init.o [3]
__vector_table          0x08000000         Data  Gb  startup_stm32f10x_cl.o [1]
_exit                   0x080016d1         Code  Gb  cexit.o [4]
_main                   0x080016b7         Code  Gb  cmain.o [4]
aa                      0x20000454    0x2  Data  Gb  stm32f10x_it.o [1]
distance_valid_flag     0x20000448    0x4  Data  Gb  main.o [1]
exit                    0x080016db    0x6  Code  Gb  exit.o [3]
m                       0x20000459    0x1  Data  Gb  main.o [1]
main                    0x08000151  0x188  Code  Gb  main.o [1]
n                       0x20000458    0x1  Data  Gb  main.o [1]
rec_f                   0x20000457    0x1  Data  Gb  main.o [1]
send_data_flag          0x2000044c    0x4  Data  Gb  main.o [1]
y_bias                  0x2000045a    0x1  Data  Gb  main.o [1]


[1] = F:\Users\Android\Desktop\detector_transporter\LED_DRIVER_STM32F107\Project\Template\EWARMv5\STM3210C-EVAL\Obj
[2] = command line
[3] = dl7M_tl_in.a
[4] = rt7M_tl.a
[5] = shb_l.a

  6 104 bytes of readonly  code memory
     56 bytes of readonly  data memory
  1 135 bytes of readwrite data memory

Errors: none
Warnings: none
